  Determining projects to restore...
D:\GitProject\alert-ops-v3\AlertOpsBackend_fixed\AlertOpsBackend.csproj : warning NU1902: Package 'SharpCompress' 0.30.1 has a known moderate severity vulnerability, https://github.com/advisories/GHSA-6c8g-7p36-r338
D:\GitProject\alert-ops-v3\AlertOpsBackend_fixed\AlertOpsBackend.csproj : warning NU1903: Package 'Snappier' 1.0.0 has a known high severity vulnerability, https://github.com/advisories/GHSA-pggp-6c3x-2xmx
  All projects are up-to-date for restore.
C:\Program Files\dotnet\sdk\10.0.300-preview.0.26177.108\Sdks\Microsoft.NET.Sdk\targets\Microsoft.NET.RuntimeIdentifierInference.targets(383,5): message NETSDK1057: You are using a preview version of .NET. See: https://aka.ms/dotnet-support-policy [D:\GitProject\alert-ops-v3\AlertOpsBackend_fixed\AlertOpsBackend.csproj]
D:\GitProject\alert-ops-v3\AlertOpsBackend_fixed\AlertOpsBackend.csproj : warning NU1902: Package 'SharpCompress' 0.30.1 has a known moderate severity vulnerability, https://github.com/advisories/GHSA-6c8g-7p36-r338
D:\GitProject\alert-ops-v3\AlertOpsBackend_fixed\AlertOpsBackend.csproj : warning NU1903: Package 'Snappier' 1.0.0 has a known high severity vulnerability, https://github.com/advisories/GHSA-pggp-6c3x-2xmx
C:\Program Files\dotnet\sdk\10.0.300-preview.0.26177.108\Microsoft.Common.CurrentVersion.targets(5397,5): warning MSB3026: Could not copy "D:\GitProject\alert-ops-v3\AlertOpsBackend_fixed\obj\Debug\net10.0\apphost.exe" to "bin\Debug\net10.0\AlertOpsBackend.exe". Beginning retry 1 in 1000ms. The process cannot access the file 'D:\GitProject\alert-ops-v3\AlertOpsBackend_fixed\bin\Debug\net10.0\AlertOpsBackend.exe' because it is being used by another process. The file is locked by: "AlertOpsBackend (16240)" [D:\GitProject\alert-ops-v3\AlertOpsBackend_fixed\AlertOpsBackend.csproj]
C:\Program Files\dotnet\sdk\10.0.300-preview.0.26177.108\Microsoft.Common.CurrentVersion.targets(5397,5): warning MSB3026: Could not copy "D:\GitProject\alert-ops-v3\AlertOpsBackend_fixed\obj\Debug\net10.0\apphost.exe" to "bin\Debug\net10.0\AlertOpsBackend.exe". Beginning retry 2 in 1000ms. The process cannot access the file 'D:\GitProject\alert-ops-v3\AlertOpsBackend_fixed\bin\Debug\net10.0\AlertOpsBackend.exe' because it is being used by another process. The file is locked by: "AlertOpsBackend (16240)" [D:\GitProject\alert-ops-v3\AlertOpsBackend_fixed\AlertOpsBackend.csproj]
C:\Program Files\dotnet\sdk\10.0.300-preview.0.26177.108\Microsoft.Common.CurrentVersion.targets(5397,5): warning MSB3026: Could not copy "D:\GitProject\alert-ops-v3\AlertOpsBackend_fixed\obj\Debug\net10.0\apphost.exe" to "bin\Debug\net10.0\AlertOpsBackend.exe". Beginning retry 3 in 1000ms. The process cannot access the file 'D:\GitProject\alert-ops-v3\AlertOpsBackend_fixed\bin\Debug\net10.0\AlertOpsBackend.exe' because it is being used by another process. The file is locked by: "AlertOpsBackend (16240)" [D:\GitProject\alert-ops-v3\AlertOpsBackend_fixed\AlertOpsBackend.csproj]
C:\Program Files\dotnet\sdk\10.0.300-preview.0.26177.108\Microsoft.Common.CurrentVersion.targets(5397,5): warning MSB3026: Could not copy "D:\GitProject\alert-ops-v3\AlertOpsBackend_fixed\obj\Debug\net10.0\apphost.exe" to "bin\Debug\net10.0\AlertOpsBackend.exe". Beginning retry 4 in 1000ms. The process cannot access the file 'D:\GitProject\alert-ops-v3\AlertOpsBackend_fixed\bin\Debug\net10.0\AlertOpsBackend.exe' because it is being used by another process. The file is locked by: "AlertOpsBackend (16240)" [D:\GitProject\alert-ops-v3\AlertOpsBackend_fixed\AlertOpsBackend.csproj]
C:\Program Files\dotnet\sdk\10.0.300-preview.0.26177.108\Microsoft.Common.CurrentVersion.targets(5397,5): warning MSB3026: Could not copy "D:\GitProject\alert-ops-v3\AlertOpsBackend_fixed\obj\Debug\net10.0\apphost.exe" to "bin\Debug\net10.0\AlertOpsBackend.exe". Beginning retry 5 in 1000ms. The process cannot access the file 'D:\GitProject\alert-ops-v3\AlertOpsBackend_fixed\bin\Debug\net10.0\AlertOpsBackend.exe' because it is being used by another process. The file is locked by: "AlertOpsBackend (16240)" [D:\GitProject\alert-ops-v3\AlertOpsBackend_fixed\AlertOpsBackend.csproj]
C:\Program Files\dotnet\sdk\10.0.300-preview.0.26177.108\Microsoft.Common.CurrentVersion.targets(5397,5): warning MSB3026: Could not copy "D:\GitProject\alert-ops-v3\AlertOpsBackend_fixed\obj\Debug\net10.0\apphost.exe" to "bin\Debug\net10.0\AlertOpsBackend.exe". Beginning retry 6 in 1000ms. The process cannot access the file 'D:\GitProject\alert-ops-v3\AlertOpsBackend_fixed\bin\Debug\net10.0\AlertOpsBackend.exe' because it is being used by another process. The file is locked by: "AlertOpsBackend (16240)" [D:\GitProject\alert-ops-v3\AlertOpsBackend_fixed\AlertOpsBackend.csproj]
C:\Program Files\dotnet\sdk\10.0.300-preview.0.26177.108\Microsoft.Common.CurrentVersion.targets(5397,5): warning MSB3026: Could not copy "D:\GitProject\alert-ops-v3\AlertOpsBackend_fixed\obj\Debug\net10.0\apphost.exe" to "bin\Debug\net10.0\AlertOpsBackend.exe". Beginning retry 7 in 1000ms. The process cannot access the file 'D:\GitProject\alert-ops-v3\AlertOpsBackend_fixed\bin\Debug\net10.0\AlertOpsBackend.exe' because it is being used by another process. The file is locked by: "AlertOpsBackend (16240)" [D:\GitProject\alert-ops-v3\AlertOpsBackend_fixed\AlertOpsBackend.csproj]
C:\Program Files\dotnet\sdk\10.0.300-preview.0.26177.108\Microsoft.Common.CurrentVersion.targets(5397,5): warning MSB3026: Could not copy "D:\GitProject\alert-ops-v3\AlertOpsBackend_fixed\obj\Debug\net10.0\apphost.exe" to "bin\Debug\net10.0\AlertOpsBackend.exe". Beginning retry 8 in 1000ms. The process cannot access the file 'D:\GitProject\alert-ops-v3\AlertOpsBackend_fixed\bin\Debug\net10.0\AlertOpsBackend.exe' because it is being used by another process. The file is locked by: "AlertOpsBackend (16240)" [D:\GitProject\alert-ops-v3\AlertOpsBackend_fixed\AlertOpsBackend.csproj]
C:\Program Files\dotnet\sdk\10.0.300-preview.0.26177.108\Microsoft.Common.CurrentVersion.targets(5397,5): warning MSB3026: Could not copy "D:\GitProject\alert-ops-v3\AlertOpsBackend_fixed\obj\Debug\net10.0\apphost.exe" to "bin\Debug\net10.0\AlertOpsBackend.exe". Beginning retry 9 in 1000ms. The process cannot access the file 'D:\GitProject\alert-ops-v3\AlertOpsBackend_fixed\bin\Debug\net10.0\AlertOpsBackend.exe' because it is being used by another process. The file is locked by: "AlertOpsBackend (16240)" [D:\GitProject\alert-ops-v3\AlertOpsBackend_fixed\AlertOpsBackend.csproj]
C:\Program Files\dotnet\sdk\10.0.300-preview.0.26177.108\Microsoft.Common.CurrentVersion.targets(5397,5): warning MSB3026: Could not copy "D:\GitProject\alert-ops-v3\AlertOpsBackend_fixed\obj\Debug\net10.0\apphost.exe" to "bin\Debug\net10.0\AlertOpsBackend.exe". Beginning retry 10 in 1000ms. The process cannot access the file 'D:\GitProject\alert-ops-v3\AlertOpsBackend_fixed\bin\Debug\net10.0\AlertOpsBackend.exe' because it is being used by another process. The file is locked by: "AlertOpsBackend (16240)" [D:\GitProject\alert-ops-v3\AlertOpsBackend_fixed\AlertOpsBackend.csproj]
C:\Program Files\dotnet\sdk\10.0.300-preview.0.26177.108\Microsoft.Common.CurrentVersion.targets(5397,5): error MSB3027: Could not copy "D:\GitProject\alert-ops-v3\AlertOpsBackend_fixed\obj\Debug\net10.0\apphost.exe" to "bin\Debug\net10.0\AlertOpsBackend.exe". Exceeded retry count of 10. Failed. The file is locked by: "AlertOpsBackend (16240)" [D:\GitProject\alert-ops-v3\AlertOpsBackend_fixed\AlertOpsBackend.csproj]
C:\Program Files\dotnet\sdk\10.0.300-preview.0.26177.108\Microsoft.Common.CurrentVersion.targets(5397,5): error MSB3021: Unable to copy file "D:\GitProject\alert-ops-v3\AlertOpsBackend_fixed\obj\Debug\net10.0\apphost.exe" to "bin\Debug\net10.0\AlertOpsBackend.exe". The process cannot access the file 'D:\GitProject\alert-ops-v3\AlertOpsBackend_fixed\bin\Debug\net10.0\AlertOpsBackend.exe' because it is being used by another process. [D:\GitProject\alert-ops-v3\AlertOpsBackend_fixed\AlertOpsBackend.csproj]

Build FAILED.

D:\GitProject\alert-ops-v3\AlertOpsBackend_fixed\AlertOpsBackend.csproj : warning NU1902: Package 'SharpCompress' 0.30.1 has a known moderate severity vulnerability, https://github.com/advisories/GHSA-6c8g-7p36-r338
D:\GitProject\alert-ops-v3\AlertOpsBackend_fixed\AlertOpsBackend.csproj : warning NU1903: Package 'Snappier' 1.0.0 has a known high severity vulnerability, https://github.com/advisories/GHSA-pggp-6c3x-2xmx
D:\GitProject\alert-ops-v3\AlertOpsBackend_fixed\AlertOpsBackend.csproj : warning NU1902: Package 'SharpCompress' 0.30.1 has a known moderate severity vulnerability, https://github.com/advisories/GHSA-6c8g-7p36-r338
D:\GitProject\alert-ops-v3\AlertOpsBackend_fixed\AlertOpsBackend.csproj : warning NU1903: Package 'Snappier' 1.0.0 has a known high severity vulnerability, https://github.com/advisories/GHSA-pggp-6c3x-2xmx
C:\Program Files\dotnet\sdk\10.0.300-preview.0.26177.108\Microsoft.Common.CurrentVersion.targets(5397,5): warning MSB3026: Could not copy "D:\GitProject\alert-ops-v3\AlertOpsBackend_fixed\obj\Debug\net10.0\apphost.exe" to "bin\Debug\net10.0\AlertOpsBackend.exe". Beginning retry 1 in 1000ms. The process cannot access the file 'D:\GitProject\alert-ops-v3\AlertOpsBackend_fixed\bin\Debug\net10.0\AlertOpsBackend.exe' because it is being used by another process. The file is locked by: "AlertOpsBackend (16240)" [D:\GitProject\alert-ops-v3\AlertOpsBackend_fixed\AlertOpsBackend.csproj]
C:\Program Files\dotnet\sdk\10.0.300-preview.0.26177.108\Microsoft.Common.CurrentVersion.targets(5397,5): warning MSB3026: Could not copy "D:\GitProject\alert-ops-v3\AlertOpsBackend_fixed\obj\Debug\net10.0\apphost.exe" to "bin\Debug\net10.0\AlertOpsBackend.exe". Beginning retry 2 in 1000ms. The process cannot access the file 'D:\GitProject\alert-ops-v3\AlertOpsBackend_fixed\bin\Debug\net10.0\AlertOpsBackend.exe' because it is being used by another process. The file is locked by: "AlertOpsBackend (16240)" [D:\GitProject\alert-ops-v3\AlertOpsBackend_fixed\AlertOpsBackend.csproj]
C:\Program Files\dotnet\sdk\10.0.300-preview.0.26177.108\Microsoft.Common.CurrentVersion.targets(5397,5): warning MSB3026: Could not copy "D:\GitProject\alert-ops-v3\AlertOpsBackend_fixed\obj\Debug\net10.0\apphost.exe" to "bin\Debug\net10.0\AlertOpsBackend.exe". Beginning retry 3 in 1000ms. The process cannot access the file 'D:\GitProject\alert-ops-v3\AlertOpsBackend_fixed\bin\Debug\net10.0\AlertOpsBackend.exe' because it is being used by another process. The file is locked by: "AlertOpsBackend (16240)" [D:\GitProject\alert-ops-v3\AlertOpsBackend_fixed\AlertOpsBackend.csproj]
C:\Program Files\dotnet\sdk\10.0.300-preview.0.26177.108\Microsoft.Common.CurrentVersion.targets(5397,5): warning MSB3026: Could not copy "D:\GitProject\alert-ops-v3\AlertOpsBackend_fixed\obj\Debug\net10.0\apphost.exe" to "bin\Debug\net10.0\AlertOpsBackend.exe". Beginning retry 4 in 1000ms. The process cannot access the file 'D:\GitProject\alert-ops-v3\AlertOpsBackend_fixed\bin\Debug\net10.0\AlertOpsBackend.exe' because it is being used by another process. The file is locked by: "AlertOpsBackend (16240)" [D:\GitProject\alert-ops-v3\AlertOpsBackend_fixed\AlertOpsBackend.csproj]
C:\Program Files\dotnet\sdk\10.0.300-preview.0.26177.108\Microsoft.Common.CurrentVersion.targets(5397,5): warning MSB3026: Could not copy "D:\GitProject\alert-ops-v3\AlertOpsBackend_fixed\obj\Debug\net10.0\apphost.exe" to "bin\Debug\net10.0\AlertOpsBackend.exe". Beginning retry 5 in 1000ms. The process cannot access the file 'D:\GitProject\alert-ops-v3\AlertOpsBackend_fixed\bin\Debug\net10.0\AlertOpsBackend.exe' because it is being used by another process. The file is locked by: "AlertOpsBackend (16240)" [D:\GitProject\alert-ops-v3\AlertOpsBackend_fixed\AlertOpsBackend.csproj]
C:\Program Files\dotnet\sdk\10.0.300-preview.0.26177.108\Microsoft.Common.CurrentVersion.targets(5397,5): warning MSB3026: Could not copy "D:\GitProject\alert-ops-v3\AlertOpsBackend_fixed\obj\Debug\net10.0\apphost.exe" to "bin\Debug\net10.0\AlertOpsBackend.exe". Beginning retry 6 in 1000ms. The process cannot access the file 'D:\GitProject\alert-ops-v3\AlertOpsBackend_fixed\bin\Debug\net10.0\AlertOpsBackend.exe' because it is being used by another process. The file is locked by: "AlertOpsBackend (16240)" [D:\GitProject\alert-ops-v3\AlertOpsBackend_fixed\AlertOpsBackend.csproj]
C:\Program Files\dotnet\sdk\10.0.300-preview.0.26177.108\Microsoft.Common.CurrentVersion.targets(5397,5): warning MSB3026: Could not copy "D:\GitProject\alert-ops-v3\AlertOpsBackend_fixed\obj\Debug\net10.0\apphost.exe" to "bin\Debug\net10.0\AlertOpsBackend.exe". Beginning retry 7 in 1000ms. The process cannot access the file 'D:\GitProject\alert-ops-v3\AlertOpsBackend_fixed\bin\Debug\net10.0\AlertOpsBackend.exe' because it is being used by another process. The file is locked by: "AlertOpsBackend (16240)" [D:\GitProject\alert-ops-v3\AlertOpsBackend_fixed\AlertOpsBackend.csproj]
C:\Program Files\dotnet\sdk\10.0.300-preview.0.26177.108\Microsoft.Common.CurrentVersion.targets(5397,5): warning MSB3026: Could not copy "D:\GitProject\alert-ops-v3\AlertOpsBackend_fixed\obj\Debug\net10.0\apphost.exe" to "bin\Debug\net10.0\AlertOpsBackend.exe". Beginning retry 8 in 1000ms. The process cannot access the file 'D:\GitProject\alert-ops-v3\AlertOpsBackend_fixed\bin\Debug\net10.0\AlertOpsBackend.exe' because it is being used by another process. The file is locked by: "AlertOpsBackend (16240)" [D:\GitProject\alert-ops-v3\AlertOpsBackend_fixed\AlertOpsBackend.csproj]
C:\Program Files\dotnet\sdk\10.0.300-preview.0.26177.108\Microsoft.Common.CurrentVersion.targets(5397,5): warning MSB3026: Could not copy "D:\GitProject\alert-ops-v3\AlertOpsBackend_fixed\obj\Debug\net10.0\apphost.exe" to "bin\Debug\net10.0\AlertOpsBackend.exe". Beginning retry 9 in 1000ms. The process cannot access the file 'D:\GitProject\alert-ops-v3\AlertOpsBackend_fixed\bin\Debug\net10.0\AlertOpsBackend.exe' because it is being used by another process. The file is locked by: "AlertOpsBackend (16240)" [D:\GitProject\alert-ops-v3\AlertOpsBackend_fixed\AlertOpsBackend.csproj]
C:\Program Files\dotnet\sdk\10.0.300-preview.0.26177.108\Microsoft.Common.CurrentVersion.targets(5397,5): warning MSB3026: Could not copy "D:\GitProject\alert-ops-v3\AlertOpsBackend_fixed\obj\Debug\net10.0\apphost.exe" to "bin\Debug\net10.0\AlertOpsBackend.exe". Beginning retry 10 in 1000ms. The process cannot access the file 'D:\GitProject\alert-ops-v3\AlertOpsBackend_fixed\bin\Debug\net10.0\AlertOpsBackend.exe' because it is being used by another process. The file is locked by: "AlertOpsBackend (16240)" [D:\GitProject\alert-ops-v3\AlertOpsBackend_fixed\AlertOpsBackend.csproj]
C:\Program Files\dotnet\sdk\10.0.300-preview.0.26177.108\Microsoft.Common.CurrentVersion.targets(5397,5): error MSB3027: Could not copy "D:\GitProject\alert-ops-v3\AlertOpsBackend_fixed\obj\Debug\net10.0\apphost.exe" to "bin\Debug\net10.0\AlertOpsBackend.exe". Exceeded retry count of 10. Failed. The file is locked by: "AlertOpsBackend (16240)" [D:\GitProject\alert-ops-v3\AlertOpsBackend_fixed\AlertOpsBackend.csproj]
C:\Program Files\dotnet\sdk\10.0.300-preview.0.26177.108\Microsoft.Common.CurrentVersion.targets(5397,5): error MSB3021: Unable to copy file "D:\GitProject\alert-ops-v3\AlertOpsBackend_fixed\obj\Debug\net10.0\apphost.exe" to "bin\Debug\net10.0\AlertOpsBackend.exe". The process cannot access the file 'D:\GitProject\alert-ops-v3\AlertOpsBackend_fixed\bin\Debug\net10.0\AlertOpsBackend.exe' because it is being used by another process. [D:\GitProject\alert-ops-v3\AlertOpsBackend_fixed\AlertOpsBackend.csproj]
    14 Warning(s)
    2 Error(s)

Time Elapsed 00:00:14.70
